2026-02-20 08:55:12 INFO Application started
2026-02-20 08:56:03 INFO Database connection established
2026-02-20 09:01:11 INFO User login successful user_id=102
2026-02-20 09:05:45 WARNING High memory usage detected
2026-02-20 09:10:22 ERROR Database timeout
2026-02-20 09:12:18 ERROR Database timeout
2026-02-20 09:15:03 INFO Cache refreshed successfully
2026-02-20 09:22:49 ERROR Failed to fetch user profile
2026-02-20 09:35:17 INFO Payment processed order_id=5501
2026-02-20 09:48:51 WARNING Slow API response detected
2026-02-20 10:02:10 INFO Scheduled job started
2026-02-20 10:05:33 ERROR Database timeout
2026-02-20 10:07:41 INFO Scheduled job completed
2026-02-20 10:15:29 ERROR Payment gateway unreachable
2026-02-20 10:18:56 INFO User logout successful user_id=102
2026-02-20 10:25:11 WARNING Disk usage above threshold
2026-02-20 11:01:09 INFO User login successful user_id=205
2026-02-20 11:03:27 ERROR Failed to fetch user profile
2026-02-20 11:07:45 ERROR Failed to fetch user profile
2026-02-20 11:20:18 INFO Report generation started
2026-02-20 11:25:39 INFO Report generation completed
2026-02-20 11:33:52 WARNING High CPU usage detected
2026-02-20 12:05:14 INFO Background cleanup started
2026-02-20 12:08:30 ERROR Database timeout
2026-02-20 12:10:44 INFO Background cleanup completed
2026-02-20 12:22:16 INFO User login successful user_id=310
2026-02-20 12:30:58 ERROR Payment gateway unreachable
2026-02-20 12:41:03 WARNING Network latency detected
2026-02-20 13:05:11 INFO Order created order_id=7781
2026-02-20 13:12:24 ERROR Database timeout
2026-02-20 13:18:36 INFO Order shipped order_id=7781
2026-02-20 13:40:49 ERROR Database timeout
2026-02-20 13:55:02 INFO System health check passed